// Jest Snapshot v1, https://goo.gl/fbAQLP

exports[`CardContainer Component should match snapshot 1`] = `
<div
  className="card-container"
>
  <div
    className="card"
  >
    <p>
      0
      : 
      t
    </p>
    <p>
      1
      : 
      o
    </p>
    <p>
      2
      : 
      n
    </p>
    <p>
      3
      : 
      y
    </p>
    <button
      onClick={[Function]}
    >
      â˜…
    </button>
  </div>
</div>
`;
